◇ injected env (16) from .env // tip: ◈ encrypted .env [www.dotenvx.com]
◇ injected env (0) from .env // tip: ⌘ custom filepath { path: '/custom/path/.env' }
Database created or already exists
MySQL connected successfully
Database tables initialized successfully
Prisma connected successfully
Server running on port 5000
[11:21:51.124] [32mINFO[39m (6712): [36mPOST /api/auth/register 400[39m
    [35mreq[39m: {
      "id": 1,
      "method": "POST",
      "url": "/api/auth/register",
      "query": {},
      "params": {},
      "headers": {
        "content-type": "application/json",
        "user-agent": "Mozilla/5.0 (Windows NT; Windows NT 10.0; es-ES) WindowsPowerShell/5.1.26100.8655",
        "host": "localhost:5000",
        "content-length": "103",
        "expect": "100-continue",
        "connection": "Keep-Alive"
      },
      "remoteAddress": "::1",
      "remotePort": 63414
    }
    [35mres[39m: {
      "statusCode": 400,
      "headers": {
        "content-security-policy": "default-src 'self';base-uri 'self';font-src 'self' https: data:;form-action 'self';frame-ancestors 'self';img-src 'self' data:;object-src 'none';script-src 'self';script-src-attr 'none';style-src 'self' https: 'unsafe-inline';upgrade-insecure-requests",
        "cross-origin-opener-policy": "same-origin",
        "cross-origin-resource-policy": "same-origin",
        "origin-agent-cluster": "?1",
        "referrer-policy": "no-referrer",
        "strict-transport-security": "max-age=31536000; includeSubDomains",
        "x-content-type-options": "nosniff",
        "x-dns-prefetch-control": "off",
        "x-download-options": "noopen",
        "x-frame-options": "SAMEORIGIN",
        "x-permitted-cross-domain-policies": "none",
        "x-xss-protection": "0",
        "access-control-allow-origin": "http://localhost:3000",
        "vary": "Origin",
        "access-control-allow-credentials": "true",
        "x-ratelimit-limit": "50",
        "x-ratelimit-remaining": "49",
        "date": "Wed, 24 Jun 2026 14:21:51 GMT",
        "x-ratelimit-reset": "1782311812",
        "content-type": "application/json; charset=utf-8",
        "content-length": "44",
        "etag": "W/\"2c-PF6TthBhWSiMVcA28ZH7oWZNtcs\""
      }
    }
    [35mresponseTime[39m: 33
[11:22:33.521] [32mINFO[39m (6712): [36mPOST /register 201[39m
    [35mreq[39m: {
      "id": 2,
      "method": "POST",
      "url": "/api/auth/register",
      "query": {},
      "params": {},
      "headers": {
        "content-type": "application/json",
        "user-agent": "Mozilla/5.0 (Windows NT; Windows NT 10.0; es-ES) WindowsPowerShell/5.1.26100.8655",
        "host": "localhost:5000",
        "content-length": "131",
        "expect": "100-continue",
        "connection": "Keep-Alive"
      },
      "remoteAddress": "::1",
      "remotePort": 61582
    }
    [35mres[39m: {
      "statusCode": 201,
      "headers": {
        "content-security-policy": "default-src 'self';base-uri 'self';font-src 'self' https: data:;form-action 'self';frame-ancestors 'self';img-src 'self' data:;object-src 'none';script-src 'self';script-src-attr 'none';style-src 'self' https: 'unsafe-inline';upgrade-insecure-requests",
        "cross-origin-opener-policy": "same-origin",
        "cross-origin-resource-policy": "same-origin",
        "origin-agent-cluster": "?1",
        "referrer-policy": "no-referrer",
        "strict-transport-security": "max-age=31536000; includeSubDomains",
        "x-content-type-options": "nosniff",
        "x-dns-prefetch-control": "off",
        "x-download-options": "noopen",
        "x-frame-options": "SAMEORIGIN",
        "x-permitted-cross-domain-policies": "none",
        "x-xss-protection": "0",
        "access-control-allow-origin": "http://localhost:3000",
        "vary": "Origin",
        "access-control-allow-credentials": "true",
        "x-ratelimit-limit": "50",
        "x-ratelimit-remaining": "48",
        "date": "Wed, 24 Jun 2026 14:22:33 GMT",
        "x-ratelimit-reset": "1782311812",
        "x-auth-mode": "cookie",
        "set-cookie": "access_token=eyJhbGciOiJIUzI1NiIsInR5cCI6IkpXVCJ9.eyJpZCI6MTAsInVzZXJuYW1lIjoidXNlcjIwMjYwNjI0MTEyMjMzMjEyIiwiZW1haWwiOiJ1c2VyMjAyNjA2MjQxMTIyMzMyMTJAZXhhbXBsZS5jb20iLCJvcmdhbml6YXRpb25JZCI6MTIsInJvbGUiOiJBRE1JTiIsImlhdCI6MTc4MjMxMDk1MywiZXhwIjoxNzgyMzk3MzUzfQ.bYlNLSVboY8Jq0PudcGh2tdjuS9Wbrn4Eo9Y5Vfzi7o; Max-Age=86400; Path=/; Expires=Thu, 25 Jun 2026 14:22:33 GMT; HttpOnly; SameSite=Lax",
        "content-type": "application/json; charset=utf-8",
        "content-length": "241",
        "etag": "W/\"f1-dRD3StD51NXgKTzn6ba/L3DFpLw\""
      }
    }
    [35mresponseTime[39m: 100
